// Jest Snapshot v1, https://goo.gl/fbAQLP

exports[`SHOULD render "PresentationProviders", "ApplicationProviders" and "LoaderProvider" 1`] = `
<View
  testID="loader-provider"
>
  <View
    testID="infrastructure-providers"
  >
    <View
      testID="application-providers"
    >
      <View
        testID="presentation-providers"
      >
        <View
          testID="children-element"
        />
      </View>
    </View>
  </View>
</View>
`;
